### Result Number 1
Ticket:8b11c778-1344-4cfd-87bc-16522e57faa9

### Result Number 2
Ticket:6e89338a-f4cd-426f-b143-ca7ea1233ccf

